// Jest Snapshot v1, https://goo.gl/fbAQLP

exports[`When working with a nested app can generate a asset-manifest 1`] = `
"{
  \\"files\\": {
    \\"main.css\\": \\"/static/css/main.f09a1402.chunk.css\\",
    \\"main.js\\": \\"/static/js/main.301a9b5d.chunk.js\\",
    \\"main.js.map\\": \\"/static/js/main.301a9b5d.chunk.js.map\\",
    \\"runtime-main.js\\": \\"/static/js/runtime-main.90523c3e.js\\",
    \\"runtime-main.js.map\\": \\"/static/js/runtime-main.90523c3e.js.map\\",
    \\"static/js/2.928f002b.chunk.js\\": \\"/static/js/2.928f002b.chunk.js\\",
    \\"static/js/2.928f002b.chunk.js.map\\": \\"/static/js/2.928f002b.chunk.js.map\\",
    \\"index.html\\": \\"/index.html\\",
    \\"static/css/main.f09a1402.chunk.css.map\\": \\"/static/css/main.f09a1402.chunk.css.map\\",
    \\"static/js/2.928f002b.chunk.js.LICENSE.txt\\": \\"/static/js/2.928f002b.chunk.js.LICENSE.txt\\"
  },
  \\"entrypoints\\": [
    \\"static/js/runtime-main.90523c3e.js\\",
    \\"static/js/2.928f002b.chunk.js\\",
    \\"static/css/main.f09a1402.chunk.css\\",
    \\"static/js/main.301a9b5d.chunk.js\\"
  ]
}"
`;

exports[`When working with a nested app can generate a index.html 1`] = `"<!doctype html><html lang=\\"en\\"><head><meta charset=\\"utf-8\\"/><link rel=\\"icon\\" href=\\"/favicon.ico\\"/><meta name=\\"viewport\\" content=\\"width=device-width,initial-scale=1\\"/><meta name=\\"theme-color\\" content=\\"#000000\\"/><meta name=\\"description\\" content=\\"Web site created using create-react-app\\"/><link rel=\\"apple-touch-icon\\" href=\\"/logo192.png\\"/><link rel=\\"manifest\\" href=\\"/manifest.json\\"/><title>React App</title><link href=\\"/static/css/main.f09a1402.chunk.css\\" rel=\\"stylesheet\\"></head><body><noscript>You need to enable JavaScript to run this app.</noscript><div id=\\"root\\"></div><script>!function(e){function r(r){for(var n,p,l=r[0],a=r[1],f=r[2],c=0,s=[];c<l.length;c++)p=l[c],Object.prototype.hasOwnProperty.call(o,p)&&o[p]&&s.push(o[p][0]),o[p]=0;for(n in a)Object.prototype.hasOwnProperty.call(a,n)&&(e[n]=a[n]);for(i&&i(r);s.length;)s.shift()();return u.push.apply(u,f||[]),t()}function t(){for(var e,r=0;r<u.length;r++){for(var t=u[r],n=!0,l=1;l<t.length;l++){var a=t[l];0!==o[a]&&(n=!1)}n&&(u.splice(r--,1),e=p(p.s=t[0]))}return e}var n={},o={1:0},u=[];function p(r){if(n[r])return n[r].exports;var t=n[r]={i:r,l:!1,exports:{}};return e[r].call(t.exports,t,t.exports,p),t.l=!0,t.exports}p.m=e,p.c=n,p.d=function(e,r,t){p.o(e,r)||Object.defineProperty(e,r,{enumerable:!0,get:t})},p.r=function(e){\\"undefined\\"!=typeof Symbol&&Symbol.toStringTag&&Object.defineProperty(e,Symbol.toStringTag,{value:\\"Module\\"}),Object.defineProperty(e,\\"__esModule\\",{value:!0})},p.t=function(e,r){if(1&r&&(e=p(e)),8&r)return e;if(4&r&&\\"object\\"==typeof e&&e&&e.__esModule)return e;var t=Object.create(null);if(p.r(t),Object.defineProperty(t,\\"default\\",{enumerable:!0,value:e}),2&r&&\\"string\\"!=typeof e)for(var n in e)p.d(t,n,function(r){return e[r]}.bind(null,n));return t},p.n=function(e){var r=e&&e.__esModule?function(){return e.default}:function(){return e};return p.d(r,\\"a\\",r),r},p.o=function(e,r){return Object.prototype.hasOwnProperty.call(e,r)},p.p=\\"/\\";var l=this[\\"webpackJsonp@scoped/sample-app\\"]=this[\\"webpackJsonp@scoped/sample-app\\"]||[],a=l.push.bind(l);l.push=r,l=l.slice();for(var f=0;f<l.length;f++)r(l[f]);var i=a;t()}([])</script><script src=\\"/static/js/2.928f002b.chunk.js\\"></script><script src=\\"/static/js/main.301a9b5d.chunk.js\\"></script></body></html>"`;

exports[`When working with a nested app can generate a manifest 1`] = `
"{
  \\"short_name\\": \\"React App\\",
  \\"name\\": \\"Create React App Sample\\",
  \\"icons\\": [
    {
      \\"src\\": \\"favicon.ico\\",
      \\"sizes\\": \\"64x64 32x32 24x24 16x16\\",
      \\"type\\": \\"image/x-icon\\"
    },
    {
      \\"src\\": \\"logo192.png\\",
      \\"type\\": \\"image/png\\",
      \\"sizes\\": \\"192x192\\"
    },
    {
      \\"src\\": \\"logo512.png\\",
      \\"type\\": \\"image/png\\",
      \\"sizes\\": \\"512x512\\"
    }
  ],
  \\"start_url\\": \\".\\",
  \\"display\\": \\"standalone\\",
  \\"theme_color\\": \\"#000000\\",
  \\"background_color\\": \\"#ffffff\\"
}
"
`;

exports[`when working with an app can generate a asset-manifest 1`] = `
"{
  \\"files\\": {
    \\"main.css\\": \\"/static/css/main.f09a1402.chunk.css\\",
    \\"main.js\\": \\"/static/js/main.b20ef164.chunk.js\\",
    \\"main.js.map\\": \\"/static/js/main.b20ef164.chunk.js.map\\",
    \\"runtime-main.js\\": \\"/static/js/runtime-main.46d4e883.js\\",
    \\"runtime-main.js.map\\": \\"/static/js/runtime-main.46d4e883.js.map\\",
    \\"static/js/2.9da65802.chunk.js\\": \\"/static/js/2.9da65802.chunk.js\\",
    \\"static/js/2.9da65802.chunk.js.map\\": \\"/static/js/2.9da65802.chunk.js.map\\",
    \\"index.html\\": \\"/index.html\\",
    \\"static/css/main.f09a1402.chunk.css.map\\": \\"/static/css/main.f09a1402.chunk.css.map\\",
    \\"static/js/2.9da65802.chunk.js.LICENSE.txt\\": \\"/static/js/2.9da65802.chunk.js.LICENSE.txt\\"
  },
  \\"entrypoints\\": [
    \\"static/js/runtime-main.46d4e883.js\\",
    \\"static/js/2.9da65802.chunk.js\\",
    \\"static/css/main.f09a1402.chunk.css\\",
    \\"static/js/main.b20ef164.chunk.js\\"
  ]
}"
`;

exports[`when working with an app can generate a index.html 1`] = `
"<!DOCTYPE html>
<html lang=\\"en\\">
  <head>
    <meta charset=\\"utf-8\\" />
    <link rel=\\"icon\\" href=\\"/favicon.ico\\" />
    <meta name=\\"viewport\\" content=\\"width=device-width,initial-scale=1\\" />
    <meta name=\\"theme-color\\" content=\\"#000000\\" />
    <meta
      name=\\"description\\"
      content=\\"Web site created using create-react-app\\"
    />
    <link rel=\\"apple-touch-icon\\" href=\\"/logo192.png\\" />
    <link rel=\\"manifest\\" href=\\"/manifest.json\\" />
    <title>React App</title>
    <link href=\\"/static/css/main.f09a1402.chunk.css\\" rel=\\"stylesheet\\" />
  </head>
  <body>
    <noscript>You need to enable JavaScript to run this app.</noscript>
    <div id=\\"root\\"></div>
    <script>
      !(function (e) {
        function r(r) {
          for (
            var n, p, l = r[0], a = r[1], f = r[2], c = 0, s = [];
            c < l.length;
            c++
          )
            (p = l[c]),
              Object.prototype.hasOwnProperty.call(o, p) &&
                o[p] &&
                s.push(o[p][0]),
              (o[p] = 0);
          for (n in a)
            Object.prototype.hasOwnProperty.call(a, n) && (e[n] = a[n]);
          for (i && i(r); s.length; ) s.shift()();
          return u.push.apply(u, f || []), t();
        }
        function t() {
          for (var e, r = 0; r < u.length; r++) {
            for (var t = u[r], n = !0, l = 1; l < t.length; l++) {
              var a = t[l];
              0 !== o[a] && (n = !1);
            }
            n && (u.splice(r--, 1), (e = p((p.s = t[0]))));
          }
          return e;
        }
        var n = {},
          o = { 1: 0 },
          u = [];
        function p(r) {
          if (n[r]) return n[r].exports;
          var t = (n[r] = { i: r, l: !1, exports: {} });
          return e[r].call(t.exports, t, t.exports, p), (t.l = !0), t.exports;
        }
        (p.m = e),
          (p.c = n),
          (p.d = function (e, r, t) {
            p.o(e, r) ||
              Object.defineProperty(e, r, { enumerable: !0, get: t });
          }),
          (p.r = function (e) {
            \\"undefined\\" != typeof Symbol &&
              Symbol.toStringTag &&
              Object.defineProperty(e, Symbol.toStringTag, { value: \\"Module\\" }),
              Object.defineProperty(e, \\"__esModule\\", { value: !0 });
          }),
          (p.t = function (e, r) {
            if ((1 & r && (e = p(e)), 8 & r)) return e;
            if (4 & r && \\"object\\" == typeof e && e && e.__esModule) return e;
            var t = Object.create(null);
            if (
              (p.r(t),
              Object.defineProperty(t, \\"default\\", { enumerable: !0, value: e }),
              2 & r && \\"string\\" != typeof e)
            )
              for (var n in e)
                p.d(
                  t,
                  n,
                  function (r) {
                    return e[r];
                  }.bind(null, n)
                );
            return t;
          }),
          (p.n = function (e) {
            var r =
              e && e.__esModule
                ? function () {
                    return e.default;
                  }
                : function () {
                    return e;
                  };
            return p.d(r, \\"a\\", r), r;
          }),
          (p.o = function (e, r) {
            return Object.prototype.hasOwnProperty.call(e, r);
          }),
          (p.p = \\"/\\");
        var l = (this[\\"webpackJsonpsample-app\\"] =
            this[\\"webpackJsonpsample-app\\"] || []),
          a = l.push.bind(l);
        (l.push = r), (l = l.slice());
        for (var f = 0; f < l.length; f++) r(l[f]);
        var i = a;
        t();
      })([]);
    </script>
    <script src=\\"/static/js/2.9da65802.chunk.js\\"></script>
    <script src=\\"/static/js/main.b20ef164.chunk.js\\"></script>
  </body>
</html>
"
`;

exports[`when working with an app can generate a manifest 1`] = `
"{
  \\"short_name\\": \\"React App\\",
  \\"name\\": \\"Create React App Sample\\",
  \\"icons\\": [
    {
      \\"src\\": \\"favicon.ico\\",
      \\"sizes\\": \\"64x64 32x32 24x24 16x16\\",
      \\"type\\": \\"image/x-icon\\"
    },
    {
      \\"src\\": \\"logo192.png\\",
      \\"type\\": \\"image/png\\",
      \\"sizes\\": \\"192x192\\"
    },
    {
      \\"src\\": \\"logo512.png\\",
      \\"type\\": \\"image/png\\",
      \\"sizes\\": \\"512x512\\"
    }
  ],
  \\"start_url\\": \\".\\",
  \\"display\\": \\"standalone\\",
  \\"theme_color\\": \\"#000000\\",
  \\"background_color\\": \\"#ffffff\\"
}
"
`;
