// Jest Snapshot v1, https://goo.gl/fbAQLP

exports[`when working with a NODE_ENV app WHEN building with esbuild can generate a js/index-L2US6VEL.js 1`] = `
"console.log("production");
//# sourceMappingURL=/static/js/index-L2US6VEL.js.map
"
`;

exports[`when working with a NODE_ENV app WHEN building with webpack can generate a js/main.5d879077.js 1`] = `
""use strict";
(self.webpackChunknode_env_app = self.webpackChunknode_env_app || []).push([
  [179],
  {
    560: () => {
      console.log("production");
    },
  },
  (e) => {
    var n;
    (n = 560), e((e.s = n));
  },
]);
//# sourceMappingURL=main.6f2657b7.js.map
"
`;
