// Jest Snapshot v1, https://goo.gl/fbAQLP

exports[`when working with an app can generate a index.html 1`] = `
"<!DOCTYPE html>
<html lang=\\"en\\">
  <head>
    <meta charset=\\"utf-8\\" />
    <link rel=\\"icon\\" href=\\"/favicon.ico\\" />
    <meta name=\\"viewport\\" content=\\"width=device-width,initial-scale=1\\" />
    <meta name=\\"theme-color\\" content=\\"#000000\\" />
    <meta
      name=\\"description\\"
      content=\\"Web site created using create-modular-app\\"
    />
    <link rel=\\"apple-touch-icon\\" href=\\"/logo192.png\\" />
    <link rel=\\"manifest\\" href=\\"/manifest.json\\" />
    <title>React App</title>
    <link rel=\\"stylesheet\\" href=\\"/index.css\\" />
  </head>
  <body>
    <noscript>You need to enable JavaScript to run this app.</noscript>
    <div id=\\"root\\"></div>
    <script type=\\"module\\" src=\\"/index.js\\"></script>
  </body>
</html>
"
`;
