// Jest Snapshot v1, https://goo.gl/fbAQLP

exports[`modular-scripts WHEN building a view THEN outputs the correct output cjs file 1`] = `
"'use strict';

var React = require('react');

function _interopNamespace(e) {
  if (e && e.__esModule) return e;
  var n = Object.create(null);
  if (e) {
    Object.keys(e).forEach(function (k) {
      if (k !== 'default') {
        var d = Object.getOwnPropertyDescriptor(e, k);
        Object.defineProperty(n, k, d.get ? d : {
          enumerable: true,
          get: function () {
            return e[k];
          }
        });
      }
    });
  }
  n['default'] = e;
  return n;
}

var React__namespace = /*#__PURE__*/_interopNamespace(React);

function SampleView() {
  return /*#__PURE__*/React__namespace.createElement(\\"div\\", {
    \\"data-testid\\": \\"test-this\\"
  }, \\"this is a modular view\\");
}

module.exports = SampleView;
//# sourceMappingURL=sample-view.cjs.js.map
"
`;

exports[`modular-scripts WHEN building a view THEN outputs the correct output cjs map file 1`] = `
Object {
  "file": "sample-view.cjs.js",
  "mappings": ";;;;;;;;;;;;;;;;;;;;;;;;;;AAEe,SAASA,UAAT,GAAmC;AAChD,sBAAOC,iEAAP;AACD;;;;",
  "names": Array [
    "SampleView",
    "React",
  ],
  "sources": Array [
    "../src/index.tsx",
  ],
  "sourcesContent": Array [
    "import * as React from 'react';

export default function SampleView(): JSX.Element {
  return <div>This is SampleView</div>;
}
",
  ],
  "version": 3,
}
`;
